# serializer version: 1
# name: test_happy_path
  '''
  {
    "Files": [
      {
        "eicr": "DIDOutputV2/2026/08/24/afdd1871-0101-4eb2-89a1-53a47c9d403a/SDDH/COVID19/1_eICR.xml",
        "rr": "DIDOutputV2/2026/08/24/afdd1871-0101-4eb2-89a1-53a47c9d403a/SDDH/COVID19/1_RR.xml",
        "setId": "0a4e1679-b0a7-4e7c-b52e-55ef28289267",
        "versionNumber": 1,
        "jurisdictions": [
          "SDDH"
        ],
        "eicr_diff_output": null,
        "is_actionable": true
      },
      {
        "eicr": "DIDOutputV2/2026/08/24/afdd1871-0101-4eb2-89a1-53a47c9d403a/SDDH/COVID19/2_eICR.xml",
        "rr": "DIDOutputV2/2026/08/24/afdd1871-0101-4eb2-89a1-53a47c9d403a/SDDH/COVID19/2_RR.xml",
        "setId": "0a4e1679-b0a7-4e7c-b52e-55ef28289267",
        "versionNumber": 2,
        "jurisdictions": [
          "SDDH"
        ],
        "eicr_diff_output": "DIDOutputV2/2026/08/24/afdd1871-0101-4eb2-89a1-53a47c9d403a/SDDH/COVID19/diff_v1_to_v2_1.json",
        "is_actionable": true
      },
      {
        "eicr": "DIDOutputV2/2026/08/24/afdd1871-0101-4eb2-89a1-53a47c9d403a/SDDH/COVID19/3_eICR.xml",
        "rr": "DIDOutputV2/2026/08/24/afdd1871-0101-4eb2-89a1-53a47c9d403a/SDDH/COVID19/3_RR.xml",
        "setId": "0a4e1679-b0a7-4e7c-b52e-55ef28289267",
        "versionNumber": 3,
        "jurisdictions": [
          "SDDH"
        ],
        "eicr_diff_output": "DIDOutputV2/2026/08/24/afdd1871-0101-4eb2-89a1-53a47c9d403a/SDDH/COVID19/diff_v2_to_v3_2.json",
        "is_actionable": false
      }
    ]
  }
  '''
# ---
